// Jest Snapshot v1, https://goo.gl/fbAQLP

exports[`renders correctly 1`] = `
<div
  className="sc-fHejqy cbXTTA"
>
  <div
    className="sc-hIPBNq iqogkL"
  >
    <button
      className="sc-hLQSwg euuwXi"
      onClick={[Function]}
    >
      NEUER EINTRAG
    </button>
  </div>
  <div
    className="sc-dmXWDj UnVpE"
  >
    <button
      className="sc-hLQSwg imjtzi"
      onClick={[Function]}
    >
      +
    </button>
  </div>
  <div
    className="sc-blmEgr guBWWC"
  >
    <button
      className="sc-dJGMql GIEgC"
      onClick={[Function]}
    >
      <div
        className="sc-eDLKkx kbaZxH sc-ktwOfi gIAEGN"
        data-testid="test-contact-card"
      >
        <p
          className="sc-hABBmJ bguDKy"
        >
          test1
           
          test1
        </p>
        <p
          className="sc-fmKFGs jUWDXM"
        >
          test1@gmail.com
        </p>
      </div>
    </button>
    <button
      className="sc-dJGMql GIEgC"
      onClick={[Function]}
    >
      <div
        className="sc-eDLKkx kbaZxH sc-ktwOfi gIAEGN"
        data-testid="test-contact-card"
      >
        <p
          className="sc-hABBmJ bguDKy"
        >
          test2
           
          test2
        </p>
        <p
          className="sc-fmKFGs jUWDXM"
        >
          test2@gmail.com
        </p>
      </div>
    </button>
    <button
      className="sc-dJGMql GIEgC"
      onClick={[Function]}
    >
      <div
        className="sc-eDLKkx kbaZxH sc-ktwOfi gIAEGN"
        data-testid="test-contact-card"
      >
        <p
          className="sc-hABBmJ bguDKy"
        >
          test3
           
          test3
        </p>
        <p
          className="sc-fmKFGs jUWDXM"
        >
          test3@gmail.com
        </p>
      </div>
    </button>
  </div>
</div>
`;
