// Jest Snapshot v1, https://goo.gl/fbAQLP

exports[`renders correctly 1`] = `
<header
  className="sc-beySPh cOeJqa"
>
  <div
    className="sc-guDLey dQJRti"
  >
    <h1
      className="sc-dmyCSP hYeZXF"
    >
      ADRESSBUCH
    </h1>
  </div>
</header>
`;
